// Jest Snapshot v1, https://goo.gl/fbAQLP

exports[`ReactIsVisible renders 1`] = `
<div>
  <div
    style="height: 200vh;"
  >
    <h1>
      I'm not visible!
    </h1>
  </div>
</div>
`;
